  0%|          | 0/40 [00:00<?, ?it/s]  0%|          | 0/40 [00:51<?, ?it/s]
Traceback (most recent call last):
  File "/home/willzhao/flappy/diffuse/ngen/train_ngen.py", line 321, in <module>
    train(run_dir=args.run_dir, reflow_checkpoint=args.reflow)
  File "/home/willzhao/flappy/diffuse/ngen/train_ngen.py", line 232, in train
    z_cond = vae_encode(vae, past_flat, latent_mean, latent_std)
             ^^^^^^^^^^^^^^^^^^^^^^^^^^^^^^^^^^^^^^^^^^^^^^^^^^^
  File "/home/willzhao/flappy/diffuse/ngen/train_ngen.py", line 93, in vae_encode
    encoded = vae.encoder(x)
              ^^^^^^^^^^^^^^
  File "/home/willzhao/flappy/.conda/py31114/lib/python3.11/site-packages/torch/nn/modules/module.py", line 1775, in _wrapped_call_impl
    return self._call_impl(*args, **kwargs)
           ^^^^^^^^^^^^^^^^^^^^^^^^^^^^^^^^
  File "/home/willzhao/flappy/.conda/py31114/lib/python3.11/site-packages/torch/nn/modules/module.py", line 1786, in _call_impl
    return forward_call(*args, **kwargs)
           ^^^^^^^^^^^^^^^^^^^^^^^^^^^^^
  File "/home/willzhao/flappy/diffuse/nn/ae.py", line 15, in forward
    x = down_block(x, t_emb=None, c_emb=None, get_skip=False)
        ^^^^^^^^^^^^^^^^^^^^^^^^^^^^^^^^^^^^^^^^^^^^^^^^^^^^^
  File "/home/willzhao/flappy/.conda/py31114/lib/python3.11/site-packages/torch/nn/modules/module.py", line 1775, in _wrapped_call_impl
    return self._call_impl(*args, **kwargs)
           ^^^^^^^^^^^^^^^^^^^^^^^^^^^^^^^^
  File "/home/willzhao/flappy/.conda/py31114/lib/python3.11/site-packages/torch/nn/modules/module.py", line 1786, in _call_impl
    return forward_call(*args, **kwargs)
           ^^^^^^^^^^^^^^^^^^^^^^^^^^^^^
  File "/home/willzhao/flappy/diffuse/nn/resblock.py", line 65, in forward
    x = self.res(x, t_emb, c_emb, aug_emb)
        ^^^^^^^^^^^^^^^^^^^^^^^^^^^^^^^^^^
  File "/home/willzhao/flappy/.conda/py31114/lib/python3.11/site-packages/torch/nn/modules/module.py", line 1775, in _wrapped_call_impl
    return self._call_impl(*args, **kwargs)
           ^^^^^^^^^^^^^^^^^^^^^^^^^^^^^^^^
  File "/home/willzhao/flappy/.conda/py31114/lib/python3.11/site-packages/torch/nn/modules/module.py", line 1786, in _call_impl
    return forward_call(*args, **kwargs)
           ^^^^^^^^^^^^^^^^^^^^^^^^^^^^^
  File "/home/willzhao/flappy/diffuse/nn/resblock.py", line 53, in forward
    x = self.conv2(self.act2(x))
        ^^^^^^^^^^^^^^^^^^^^^^^^
  File "/home/willzhao/flappy/.conda/py31114/lib/python3.11/site-packages/torch/nn/modules/module.py", line 1775, in _wrapped_call_impl
    return self._call_impl(*args, **kwargs)
           ^^^^^^^^^^^^^^^^^^^^^^^^^^^^^^^^
  File "/home/willzhao/flappy/.conda/py31114/lib/python3.11/site-packages/torch/nn/modules/module.py", line 1786, in _call_impl
    return forward_call(*args, **kwargs)
           ^^^^^^^^^^^^^^^^^^^^^^^^^^^^^
  File "/home/willzhao/flappy/.conda/py31114/lib/python3.11/site-packages/torch/nn/modules/conv.py", line 548, in forward
    return self._conv_forward(input, self.weight, self.bias)
           ^^^^^^^^^^^^^^^^^^^^^^^^^^^^^^^^^^^^^^^^^^^^^^^^^
  File "/home/willzhao/flappy/.conda/py31114/lib/python3.11/site-packages/torch/nn/modules/conv.py", line 543, in _conv_forward
    return F.conv2d(
           ^^^^^^^^^
torch.OutOfMemoryError: CUDA out of memory. Tried to allocate 36.00 GiB. GPU 0 has a total capacity of 139.72 GiB of which 23.43 GiB is free. Including non-PyTorch memory, this process has 116.23 GiB memory in use. Of the allocated memory 115.61 GiB is allocated by PyTorch, and 10.62 MiB is reserved by PyTorch but unallocated. If reserved but unallocated memory is large try setting PYTORCH_CUDA_ALLOC_CONF=expandable_segments:True to avoid fragmentation.  See documentation for Memory Management  (https://pytorch.org/docs/stable/notes/cuda.html#environment-variables)
/var/spool/slurmd/job8223075/slurm_script: line 47: 151566 Killed                  python /home/willzhao/flappy/diffuse/ngen/train_ngen.py $ARGS
[2026-01-19T20:52:15.038] error: Detected 2 oom_kill events in StepId=8223075.batch. Some of the step tasks have been OOM Killed.
