  0%|          | 0/40 [00:00<?, ?it/s]E0119 21:49:58.547000 2159744 .conda/py31114/lib/python3.11/site-packages/torch/distributed/elastic/multiprocessing/api.py:882] failed (exitcode: -9) local_rank: 0 (pid: 2159774) of binary: /home/willzhao/flappy/.conda/py31114/bin/python
Traceback (most recent call last):
  File "/home/willzhao/flappy/.conda/py31114/bin/torchrun", line 7, in <module>
    sys.exit(main())
             ^^^^^^
  File "/home/willzhao/flappy/.conda/py31114/lib/python3.11/site-packages/torch/distributed/elastic/multiprocessing/errors/__init__.py", line 357, in wrapper
    return f(*args, **kwargs)
           ^^^^^^^^^^^^^^^^^^
  File "/home/willzhao/flappy/.conda/py31114/lib/python3.11/site-packages/torch/distributed/run.py", line 936, in main
    run(args)
  File "/home/willzhao/flappy/.conda/py31114/lib/python3.11/site-packages/torch/distributed/run.py", line 927, in run
    elastic_launch(
  File "/home/willzhao/flappy/.conda/py31114/lib/python3.11/site-packages/torch/distributed/launcher/api.py", line 156, in __call__
    return launch_agent(self._config, self._entrypoint, list(args))
           ^^^^^^^^^^^^^^^^^^^^^^^^^^^^^^^^^^^^^^^^^^^^^^^^^^^^^^^^
  File "/home/willzhao/flappy/.conda/py31114/lib/python3.11/site-packages/torch/distributed/launcher/api.py", line 293, in launch_agent
    raise ChildFailedError(
torch.distributed.elastic.multiprocessing.errors.ChildFailedError: 
========================================================
/home/willzhao/flappy/diffuse/ngen/train_ngen.py FAILED
--------------------------------------------------------
Failures:
  <NO_OTHER_FAILURES>
--------------------------------------------------------
Root Cause (first observed failure):
[0]:
  time      : 2026-01-19_21:49:58
  host      : node3100.inband
  rank      : 0 (local_rank: 0)
  exitcode  : -9 (pid: 2159774)
  error_file: <N/A>
  traceback : Signal 9 (SIGKILL) received by PID 2159774
========================================================
[2026-01-19T21:49:59.174] error: Detected 2 oom_kill events in StepId=8224345.batch. Some of the step tasks have been OOM Killed.
